[    0.000000] Linux version 4.15.0-47-generic (buildd@lgw01-amd64-001) (gcc version 7.3.0 (Ubuntu 7.3.0-16ubuntu3)) #50-Ubuntu SMP Wed Mar 13 10:44:52 UTC 2019 (Ubuntu 4.15.0-47.50-generic 4.15.18)
[    0.000000] Command line: BOOT_IMAGE=/boot/vmlinuz-4.15.0-47-generic root=LABEL=cloudimg-rootfs ro console=tty1 console=ttyS0
[    0.000000] KERNEL supported cpus:
[    0.000000]   Intel GenuineIntel
[    0.000000]   AMD AuthenticAMD
[    0.000000]   Centaur CentaurHauls
[    0.000000] x86/fpu: Supporting XSAVE feature 0x001: 'x87 floating point registers'
[    0.000000] x86/fpu: Supporting XSAVE feature 0x002: 'SSE registers'
[    0.000000] x86/fpu: Supporting XSAVE feature 0x004: 'AVX registers'
[    0.000000] x86/fpu: xstate_offset[2]:  576, xstate_sizes[2]:  256
[    0.000000] x86/fpu: Enabled xstate features 0x7, context size is 832 bytes, using 'standard' format.
[    0.000000] e820: BIOS-provided physical RAM map:
[    0.000000] BIOS-e820: [mem 0x0000000000000000-0x000000000009fbff] usable
[    0.000000] BIOS-e820: [mem 0x000000000009fc00-0x000000000009ffff] reserved
[    0.000000] BIOS-e820: [mem 0x00000000000f0000-0x00000000000fffff] reserved
[    0.000000] BIOS-e820: [mem 0x0000000000100000-0x000000003ffeffff] usable
[    0.000000] BIOS-e820: [mem 0x000000003fff0000-0x000000003fffffff] ACPI data
[    0.000000] BIOS-e820: [mem 0x00000000fec00000-0x00000000fec00fff] reserved
[    0.000000] BIOS-e820: [mem 0x00000000fee00000-0x00000000fee00fff] reserved
[    0.000000] BIOS-e820: [mem 0x00000000fffc0000-0x00000000ffffffff] reserved
[    0.000000] NX (Execute Disable) protection: active
[    0.000000] SMBIOS 2.5 present.
[    0.000000] DMI: innotek GmbH VirtualBox/VirtualBox, BIOS VirtualBox 12/01/2006
[    0.000000] Hypervisor detected: KVM
[    0.000000] e820: last_pfn = 0x3fff0 max_arch_pfn = 0x400000000
[    0.000000] MTRR: Disabled
[    0.000000] x86/PAT: MTRRs disabled, skipping PAT initialization too.
[    0.000000] CPU MTRRs all blank - virtualized system.
[    0.000000] x86/PAT: Configuration [0-7]: WB  WT  UC- UC  WB  WT  UC- UC  
[    0.000000] found SMP MP-table at [mem 0x0009fff0-0x0009ffff] mapped at [        (ptrval)]
[    0.000000] Scanning 1 areas for low memory corruption
[    0.000000] RAMDISK: [mem 0x35adf000-0x36d66fff]
[    0.000000] ACPI: Early table checksum verification disabled
[    0.000000] ACPI: RSDP 0x00000000000E0000 000024 (v02 VBOX  )
[    0.000000] ACPI: XSDT 0x000000003FFF0030 00003C (v01 VBOX   VBOXXSDT 00000001 ASL  00000061)
[    0.000000] ACPI: FACP 0x000000003FFF00F0 0000F4 (v04 VBOX   VBOXFACP 00000001 ASL  00000061)
[    0.000000] ACPI: DSDT 0x000000003FFF0470 0022EA (v02 VBOX   VBOXBIOS 00000002 INTL 20181213)
[    0.000000] ACPI: FACS 0x000000003FFF0200 000040
[    0.000000] ACPI: FACS 0x000000003FFF0200 000040
[    0.000000] ACPI: APIC 0x000000003FFF0240 00005C (v02 VBOX   VBOXAPIC 00000001 ASL  00000061)
[    0.000000] ACPI: SSDT 0x000000003FFF02A0 0001CC (v01 VBOX   VBOXCPUT 00000002 INTL 20181213)
[    0.000000] No NUMA configuration found
[    0.000000] Faking a node at [mem 0x0000000000000000-0x000000003ffeffff]
[    0.000000] NODE_DATA(0) allocated [mem 0x3ffc5000-0x3ffeffff]
[    0.000000] kvm-clock: cpu 0, msr 0:3ff44001, primary cpu clock
[    0.000000] kvm-clock: Using msrs 4b564d01 and 4b564d00
[    0.000000] kvm-clock: using sched offset of 3637657979 cycles
[    0.000000] clocksource: kvm-clock: mask: 0xffffffffffffffff max_cycles: 0x1cd42e4dffb, max_idle_ns: 881590591483 ns
[    0.000000] Zone ranges:
[    0.000000]   DMA      [mem 0x0000000000001000-0x0000000000ffffff]
[    0.000000]   DMA32    [mem 0x0000000001000000-0x000000003ffeffff]
[    0.000000]   Normal   empty
[    0.000000]   Device   empty
[    0.000000] Movable zone start for each node
[    0.000000] Early memory node ranges
[    0.000000]   node   0: [mem 0x0000000000001000-0x000000000009efff]
[    0.000000]   node   0: [mem 0x0000000000100000-0x000000003ffeffff]
[    0.000000] Reserved but unavailable: 114 pages
[    0.000000] Initmem setup node 0 [mem 0x0000000000001000-0x000000003ffeffff]
[    0.000000] ACPI: PM-Timer IO Port: 0x4008
[    0.000000] IOAPIC[0]: apic_id 2, version 32, address 0xfec00000, GSI 0-23
[    0.000000] ACPI: INT_SRC_OVR (bus 0 bus_irq 0 global_irq 2 dfl dfl)
[    0.000000] ACPI: INT_SRC_OVR (bus 0 bus_irq 9 global_irq 9 low level)
[    0.000000] Using ACPI (MADT) for SMP configuration information
[    0.000000] smpboot: Allowing 2 CPUs, 0 hotplug CPUs
[    0.000000] PM: Registered nosave memory: [mem 0x00000000-0x00000fff]
[    0.000000] PM: Registered nosave memory: [mem 0x0009f000-0x0009ffff]
[    0.000000] PM: Registered nosave memory: [mem 0x000a0000-0x000effff]
[    0.000000] PM: Registered nosave memory: [mem 0x000f0000-0x000fffff]
[    0.000000] e820: [mem 0x40000000-0xfebfffff] available for PCI devices
[    0.000000] Booting paravirtualized kernel on KVM
[    0.000000] clocksource: refined-jiffies: mask: 0xffffffff max_cycles: 0xffffffff, max_idle_ns: 7645519600211568 ns
[    0.000000] random: get_random_bytes called from start_kernel+0x99/0x4fd with crng_init=0
[    0.000000] setup_percpu: NR_CPUS:8192 nr_cpumask_bits:2 nr_cpu_ids:2 nr_node_ids:1
[    0.000000] percpu: Embedded 46 pages/cpu @        (ptrval) s151552 r8192 d28672 u1048576
[    0.000000] PV qspinlock hash table entries: 256 (order: 0, 4096 bytes)
[    0.000000] Built 1 zonelists, mobility grouping on.  Total pages: 257913
[    0.000000] Policy zone: DMA32
[    0.000000] Kernel command line: BOOT_IMAGE=/boot/vmlinuz-4.15.0-47-generic root=LABEL=cloudimg-rootfs ro console=tty1 console=ttyS0
[    0.000000] Memory: 983608K/1048120K available (12300K kernel code, 2473K rwdata, 4252K rodata, 2408K init, 2416K bss, 64512K reserved, 0K cma-reserved)
[    0.000000] SLUB: HWalign=64, Order=0-3, MinObjects=0, CPUs=2, Nodes=1
[    0.000000] Kernel/User page tables isolation: enabled
[    0.000000] ftrace: allocating 39206 entries in 154 pages
[    0.004000] Hierarchical RCU implementation.
[    0.004000] 	RCU restricting CPUs from NR_CPUS=8192 to nr_cpu_ids=2.
[    0.004000] 	Tasks RCU enabled.
[    0.004000] RCU: Adjusting geometry for rcu_fanout_leaf=16, nr_cpu_ids=2
[    0.004000] NR_IRQS: 524544, nr_irqs: 440, preallocated irqs: 16
[    0.004000] Console: colour VGA+ 80x25
[    0.004000] console [tty1] enabled
[    0.004000] console [ttyS0] enabled
[    0.004000] ACPI: Core revision 20170831
[    0.004000] ACPI: 2 ACPI AML tables successfully acquired and loaded
[    0.004000] APIC: Switch to symmetric I/O mode setup
[    0.004000] x2apic enabled
[    0.004000] Switched APIC routing to physical x2apic.
[    0.004889] ..TIMER: vector=0x30 apic1=0 pin1=2 apic2=-1 pin2=-1
[    0.008002] tsc: Detected 2304.000 MHz processor
[    0.009841] Calibrating delay loop (skipped) preset value.. 4608.00 BogoMIPS (lpj=9216000)
[    0.012004] pid_max: default: 32768 minimum: 301
[    0.013973] Security Framework initialized
[    0.016003] Yama: becoming mindful.
[    0.017525] AppArmor: AppArmor initialized
[    0.020516] Dentry cache hash table entries: 131072 (order: 8, 1048576 bytes)
[    0.024067] Inode-cache hash table entries: 65536 (order: 7, 524288 bytes)
[    0.026977] Mount-cache hash table entries: 2048 (order: 2, 16384 bytes)
[    0.028006] Mountpoint-cache hash table entries: 2048 (order: 2, 16384 bytes)
[    0.031575] mce: CPU supports 0 MCE banks
[    0.032015] Last level iTLB entries: 4KB 64, 2MB 8, 4MB 8
[    0.034168] Last level dTLB entries: 4KB 64, 2MB 0, 4MB 0, 1GB 4
[    0.036003] Spectre V2 : Mitigation: Full generic retpoline
[    0.040003] Spectre V2 : Spectre v2 / SpectreRSB mitigation: Filling RSB on context switch
[    0.044003] Speculative Store Bypass: Vulnerable
[    0.046154] Freeing SMP alternatives memory: 36K
[    0.048000] smpboot: CPU0: Intel(R) Core(TM) i5-8300H CPU @ 2.30GHz (family: 0x6, model: 0x9e, stepping: 0xa)
[    0.048089] Performance Events: unsupported p6 CPU model 158 no PMU driver, software events only.
[    0.052030] Hierarchical SRCU implementation.
[    0.056678] NMI watchdog: Perf event create on CPU 0 failed with -2
[    0.060011] NMI watchdog: Perf NMI watchdog permanently disabled
[    0.064040] smp: Bringing up secondary CPUs ...
[    0.066419] x86: Booting SMP configuration:
[    0.068002] .... node  #0, CPUs:      #1
[    0.004000] kvm-clock: cpu 1, msr 0:3ff44041, secondary cpu clock
[    0.004000] mce: CPU supports 0 MCE banks
[    0.076018] smp: Brought up 1 node, 2 CPUs
[    0.078328] smpboot: Max logical packages: 1
[    0.080000] smpboot: Total of 2 processors activated (9216.00 BogoMIPS)
[    0.084003] devtmpfs: initialized
[    0.085836] x86/mm: Memory block size: 128MB
[    0.088141] evm: security.selinux
[    0.090139] evm: security.SMACK64
[    0.091933] evm: security.SMACK64EXEC
[    0.092022] evm: security.SMACK64TRANSMUTE
[    0.096023] evm: security.SMACK64MMAP
[    0.098461] evm: security.apparmor
[    0.100004] evm: security.ima
[    0.101518] evm: security.capability
[    0.104125] clocksource: jiffies: mask: 0xffffffff max_cycles: 0xffffffff, max_idle_ns: 7645041785100000 ns
[    0.108008] futex hash table entries: 512 (order: 3, 32768 bytes)
[    0.112067] pinctrl core: initialized pinctrl subsystem
[    0.116182] RTC time: 18:30:58, date: 05/02/19
[    0.118939] NET: Registered protocol family 16
[    0.120139] audit: initializing netlink subsys (disabled)
[    0.124057] audit: type=2000 audit(1556821862.516:1): state=initialized audit_enabled=0 res=1
[    0.128005] cpuidle: using governor ladder
[    0.129872] cpuidle: using governor menu
[    0.132044] ACPI: bus type PCI registered
[    0.134179] acpiphp: ACPI Hot Plug PCI Controller Driver version: 0.5
[    0.136088] PCI: Using configuration type 1 for base access
[    0.144792] HugeTLB registered 2.00 MiB page size, pre-allocated 0 pages
[    0.148105] ACPI: Added _OSI(Module Device)
[    0.150244] ACPI: Added _OSI(Processor Device)
[    0.152009] ACPI: Added _OSI(3.0 _SCP Extensions)
[    0.156009] ACPI: Added _OSI(Processor Aggregator Device)
[    0.158933] ACPI: Added _OSI(Linux-Dell-Video)
[    0.160003] ACPI: Added _OSI(Linux-Lenovo-NV-HDMI-Audio)
[    0.164002] ACPI: Added _OSI(Linux-HPI-Hybrid-Graphics)
[    0.168298] ACPI: Executed 1 blocks of module-level executable AML code
[    0.175288] ACPI: Interpreter enabled
[    0.176013] ACPI: (supports S0 S5)
[    0.177854] ACPI: Using IOAPIC for interrupt routing
[    0.180308] PCI: Using host bridge windows from ACPI; if necessary, use "pci=nocrs" and report a bug
[    0.184214] ACPI: Enabled 2 GPEs in block 00 to 07
[    0.195629] ACPI: PCI Root Bridge [PCI0] (domain 0000 [bus 00-ff])
[    0.196009] acpi PNP0A03:00: _OSC: OS supports [ASPM ClockPM Segments MSI]
[    0.200480] acpi PNP0A03:00: _OSC: not requesting OS control; OS requires [ExtendedConfig ASPM ClockPM MSI]
[    0.204015] acpi PNP0A03:00: fail to add MMCONFIG information, can't access extended PCI configuration space under this bridge.
[    0.208262] PCI host bridge to bus 0000:00
[    0.209918] pci_bus 0000:00: root bus resource [io  0x0000-0x0cf7 window]
[    0.212003] pci_bus 0000:00: root bus resource [io  0x0d00-0xffff window]
[    0.214392] pci_bus 0000:00: root bus resource [mem 0x000a0000-0x000bffff window]
[    0.216004] pci_bus 0000:00: root bus resource [mem 0x40000000-0xfdffffff window]
[    0.220003] pci_bus 0000:00: root bus resource [bus 00-ff]
[    0.225229] pci 0000:00:01.1: legacy IDE quirk: reg 0x10: [io  0x01f0-0x01f7]
[    0.228002] pci 0000:00:01.1: legacy IDE quirk: reg 0x14: [io  0x03f6]
[    0.230873] pci 0000:00:01.1: legacy IDE quirk: reg 0x18: [io  0x0170-0x0177]
[    0.232003] pci 0000:00:01.1: legacy IDE quirk: reg 0x1c: [io  0x0376]
[    0.252726] pci 0000:00:07.0: quirk: [io  0x4000-0x403f] claimed by PIIX4 ACPI
[    0.255829] pci 0000:00:07.0: quirk: [io  0x4100-0x410f] claimed by PIIX4 SMB
[    0.268695] ACPI: PCI Interrupt Link [LNKA] (IRQs 5 9 10 *11)
[    0.271405] ACPI: PCI Interrupt Link [LNKB] (IRQs 5 9 *10 11)
[    0.272087] ACPI: PCI Interrupt Link [LNKC] (IRQs 5 *9 10 11)
[    0.276082] ACPI: PCI Interrupt Link [LNKD] (IRQs 5 9 10 *11)
[    0.278925] SCSI subsystem initialized
[    0.280046] pci 0000:00:02.0: vgaarb: setting as boot VGA device
[    0.282077] pci 0000:00:02.0: vgaarb: VGA device added: decodes=io+mem,owns=io+mem,locks=none
[    0.284005] pci 0000:00:02.0: vgaarb: bridge control possible
[    0.288001] vgaarb: loaded
[    0.289131] ACPI: bus type USB registered
[    0.292018] usbcore: registered new interface driver usbfs
[    0.294091] usbcore: registered new interface driver hub
[    0.296017] usbcore: registered new device driver usb
[    0.297860] EDAC MC: Ver: 3.0.0
[    0.300156] PCI: Using ACPI for IRQ routing
[    0.302108] NetLabel: Initializing
[    0.304002] NetLabel:  domain hash size = 128
[    0.305681] NetLabel:  protocols = UNLABELED CIPSOv4 CALIPSO
[    0.308019] NetLabel:  unlabeled traffic allowed by default
[    0.310463] clocksource: Switched to clocksource kvm-clock
[    0.318632] VFS: Disk quotas dquot_6.6.0
[    0.320520] VFS: Dquot-cache hash table entries: 512 (order 0, 4096 bytes)
[    0.323556] AppArmor: AppArmor Filesystem Enabled
[    0.325583] pnp: PnP ACPI init
[    0.327827] pnp: PnP ACPI: found 3 devices
[    0.342954] clocksource: acpi_pm: mask: 0xffffff max_cycles: 0xffffff, max_idle_ns: 2085701024 ns
[    0.346831] NET: Registered protocol family 2
[    0.349124] TCP established hash table entries: 8192 (order: 4, 65536 bytes)
[    0.352025] TCP bind hash table entries: 8192 (order: 5, 131072 bytes)
[    0.354824] TCP: Hash tables configured (established 8192 bind 8192)
[    0.357528] UDP hash table entries: 512 (order: 2, 16384 bytes)
[    0.360039] UDP-Lite hash table entries: 512 (order: 2, 16384 bytes)
[    0.362539] NET: Registered protocol family 1
[    0.364847] pci 0000:00:00.0: Limiting direct PCI/PCI transfers
[    0.367360] pci 0000:00:01.0: Activating ISA DMA hang workarounds
[    0.370094] pci 0000:00:02.0: Video device with shadowed ROM at [mem 0x000c0000-0x000dffff]
[    0.373728] Unpacking initramfs...
[    0.578247] Freeing initrd memory: 18976K
[    0.580317] platform rtc_cmos: registered platform RTC device (no PNP device found)
[    0.583956] Scanning for low memory corruption every 60 seconds
[    0.587563] Initialise system trusted keyrings
[    0.589725] Key type blacklist registered
[    0.591673] workingset: timestamp_bits=36 max_order=18 bucket_order=0
[    0.595851] zbud: loaded
[    0.597681] squashfs: version 4.0 (2009/01/31) Phillip Lougher
[    0.600737] fuse init (API version 7.26)
[    0.607833] Key type asymmetric registered
[    0.609762] Asymmetric key parser 'x509' registered
[    0.612071] Block layer SCSI generic (bsg) driver version 0.4 loaded (major 246)
[    0.615538] io scheduler noop registered
[    0.617424] io scheduler deadline registered
[    0.619603] io scheduler cfq registered (default)
[    0.622386] ACPI: AC Adapter [AC] (on-line)
[    0.624560] input: Power Button as /devices/LNXSYSTM:00/LNXPWRBN:00/input/input0
[    0.628430] ACPI: Power Button [PWRF]
[    0.629810] input: Sleep Button as /devices/LNXSYSTM:00/LNXSLPBN:00/input/input1
[    0.633491] ACPI: Sleep Button [SLPF]
[    0.636434] Serial: 8250/16550 driver, 32 ports, IRQ sharing enabled
[    0.660660] 00:02: ttyS0 at I/O 0x3f8 (irq = 4, base_baud = 115200) is a 16550A
[    0.664456] ACPI: Battery Slot [BAT0] (battery present)
[    0.671157] Linux agpgart interface v0.103
[    0.674929] loop: module loaded
[    0.677015] scsi host0: ata_piix
[    0.678705] scsi host1: ata_piix
[    0.680028] ata1: PATA max UDMA/33 cmd 0x1f0 ctl 0x3f6 bmdma 0xd000 irq 14
[    0.683231] ata2: PATA max UDMA/33 cmd 0x170 ctl 0x376 bmdma 0xd008 irq 15
[    0.686419] libphy: Fixed MDIO Bus: probed
[    0.688104] tun: Universal TUN/TAP device driver, 1.6
[    0.690434] PPP generic driver version 2.4.2
[    0.692586] ehci_hcd: USB 2.0 'Enhanced' Host Controller (EHCI) Driver
[    0.696505] ehci-pci: EHCI PCI platform driver
[    0.698479] ehci-platform: EHCI generic platform driver
[    0.700832] ohci_hcd: USB 1.1 'Open' Host Controller (OHCI) Driver
[    0.703339] ohci-pci: OHCI PCI platform driver
[    0.705238] ohci-platform: OHCI generic platform driver
[    0.707606] uhci_hcd: USB Universal Host Controller Interface driver
[    0.710283] i8042: PNP: PS/2 Controller [PNP0303:PS2K,PNP0f03:PS2M] at 0x60,0x64 irq 1,12
[    0.714250] serio: i8042 KBD port at 0x60,0x64 irq 1
[    0.716283] serio: i8042 AUX port at 0x60,0x64 irq 12
[    0.718828] mousedev: PS/2 mouse device common for all mice
[    0.721829] rtc_cmos rtc_cmos: rtc core: registered rtc_cmos as rtc0
[    0.724923] input: AT Translated Set 2 keyboard as /devices/platform/i8042/serio0/input/input2
[    0.728190] rtc_cmos rtc_cmos: alarms up to one day, 114 bytes nvram
[    0.728199] i2c /dev entries driver
[    0.728204] pcie_mp2_amd: AMD(R) PCI-E MP2 Communication Driver Version: 1.0
[    0.728262] device-mapper: uevent: version 1.0.3
[    0.728303] device-mapper: ioctl: 4.37.0-ioctl (2017-09-20) initialised: dm-devel@redhat.com
[    0.740618] ledtrig-cpu: registered to indicate activity on CPUs
[    0.744854] NET: Registered protocol family 10
[    0.750217] Segment Routing with IPv6
[    0.751906] NET: Registered protocol family 17
[    0.754005] Key type dns_resolver registered
[    0.756141] RAS: Correctable Errors collector initialized.
[    0.758571] sched_clock: Marking stable (756074852, 0)->(1159566700, -403491848)
[    0.762312] registered taskstats version 1
[    0.763848] Loading compiled-in X.509 certificates
[    0.768679] Loaded X.509 cert 'Build time autogenerated kernel key: 7211859d1298c08a101905a3cb814e8c7b4bf4a4'
[    0.772306] zswap: loaded using pool lzo/zbud
[    0.778851] Key type big_key registered
[    0.780722] Key type trusted registered
[    0.784067] Key type encrypted registered
[    0.785841] AppArmor: AppArmor sha1 policy hashing enabled
[    0.788197] ima: No TPM chip found, activating TPM-bypass! (rc=-19)
[    0.790997] ima: Allocated hash algorithm: sha1
[    0.792740] evm: HMAC attrs: 0x1
[    0.794090]   Magic number: 3:530:543
[    0.795301] rtc_cmos rtc_cmos: setting system clock to 2019-05-02 18:30:58 UTC (1556821858)
[    0.800136] BIOS EDD facility v0.16 2004-Jun-25, 0 devices found
[    0.802410] EDD information not available.
[    0.849697] Freeing unused kernel memory: 2408K
[    0.864165] Write protecting the kernel read-only data: 20480k
[    0.868911] Freeing unused kernel memory: 2008K
[    0.878581] Freeing unused kernel memory: 1892K
[    0.893021] x86/mm: Checked W+X mappings: passed, no W+X pages found.
[    0.897363] x86/mm: Checking user space page tables
[    0.907008] x86/mm: Checked W+X mappings: passed, no W+X pages found.
Loading, please wait...
starting version 237
[    0.967413] Fusion MPT base driver 3.04.20
[    0.970505] Copyright (c) 1999-2008 LSI Corporation
[    0.975629] e1000: Intel(R) PRO/1000 Network Driver - version 7.3.21-k8-NAPI
[    0.980126] e1000: Copyright (c) 1999-2006 Intel Corporation.
[    1.002147] Fusion MPT SPI Host driver 3.04.20
[    1.006374] AVX2 version of gcm_enc/dec engaged.
[    1.008749] AES CTR mode by8 optimization enabled
[    1.010701] mptbase: ioc0: Initiating bringup
[    1.108231] ioc0: LSI53C1030 A0: Capabilities={Initiator}
[    1.194889] input: ImExPS/2 Generic Explorer Mouse as /devices/platform/i8042/serio1/input/input4
[    1.357865] scsi host2: ioc0: LSI53C1030 A0, FwRev=00000000h, Ports=1, MaxQ=256, IRQ=20
[    1.529363] scsi 2:0:0:0: Direct-Access     VBOX     HARDDISK         1.0  PQ: 0 ANSI: 5
[    1.564057] scsi target2:0:0: Beginning Domain Validation
[    1.572410] scsi target2:0:0: Domain Validation skipping write tests
[    1.576817] scsi target2:0:0: Ending Domain Validation
[    1.580415] scsi target2:0:0: asynchronous
[    1.586762] scsi 2:0:1:0: Direct-Access     VBOX     HARDDISK         1.0  PQ: 0 ANSI: 5
[    1.596171] tsc: Refined TSC clocksource calibration: 2302.731 MHz
[    1.599241] clocksource: tsc: mask: 0xffffffffffffffff max_cycles: 0x213148d1c7a, max_idle_ns: 440795203351 ns
[    1.736127] scsi target2:0:1: Beginning Domain Validation
[    1.740183] random: fast init done
[    1.742885] scsi target2:0:1: Domain Validation skipping write tests
[    1.745674] scsi target2:0:1: Ending Domain Validation
[    1.748826] scsi target2:0:1: asynchronous
[    1.755702] sd 2:0:0:0: Attached scsi generic sg0 type 0
[    1.757693] random: systemd-udevd: uninitialized urandom read (16 bytes read)
[    1.757755] random: systemd-udevd: uninitialized urandom read (16 bytes read)
[    1.757781] random: systemd-udevd: uninitialized urandom read (16 bytes read)
[    1.757885] sd 2:0:0:0: [sda] 20971520 512-byte logical blocks: (10.7 GB/10.0 GiB)
[    1.757987] sd 2:0:0:0: [sda] Write Protect is off
[    1.758197] sd 2:0:0:0: [sda] Incomplete mode parameter data
[    1.758198] sd 2:0:0:0: [sda] Assuming drive cache: write through
[    1.780639] sd 2:0:1:0: Attached scsi generic sg1 type 0
[    1.783678] sd 2:0:1:0: [sdb] 20480 512-byte logical blocks: (10.5 MB/10.0 MiB)
[    1.787607] sd 2:0:1:0: [sdb] Write Protect is off
[    1.790198] sd 2:0:1:0: [sdb] Incomplete mode parameter data
[    1.793174] sd 2:0:1:0: [sdb] Assuming drive cache: write through
[    1.801450]  sda: sda1
[    1.803569] sd 2:0:0:0: [sda] Attached SCSI disk
[    1.806185] sd 2:0:1:0: [sdb] Attached SCSI disk
[    1.914974] e1000 0000:00:03.0 eth0: (PCI:33MHz:32-bit) 02:5c:19:d6:ac:b9
[    1.919303] e1000 0000:00:03.0 eth0: Intel(R) PRO/1000 Network Connection
[    2.283348] e1000 0000:00:08.0 eth1: (PCI:33MHz:32-bit) 08:00:27:ed:fb:cc
[    2.286193] e1000 0000:00:08.0 eth1: Intel(R) PRO/1000 Network Connection
[    2.289995] e1000 0000:00:08.0 enp0s8: renamed from eth1
[    2.300229] e1000 0000:00:03.0 enp0s3: renamed from eth0
Begin: Loading essential drivers ... [    3.748114] raid6: sse2x1   gen() 13333 MB/s
[    3.796077] raid6: sse2x1   xor()  9672 MB/s
[    3.844115] raid6: sse2x2   gen() 16630 MB/s
[    3.892120] raid6: sse2x2   xor() 10891 MB/s
[    3.940109] raid6: sse2x4   gen() 18842 MB/s
[    3.988114] raid6: sse2x4   xor() 11356 MB/s
[    4.036106] raid6: avx2x1   gen() 26950 MB/s
[    4.084109] raid6: avx2x1   xor() 18644 MB/s
[    4.132111] raid6: avx2x2   gen() 33397 MB/s
[    4.180109] raid6: avx2x2   xor() 19973 MB/s
[    4.228108] raid6: avx2x4   gen() 36823 MB/s
[    4.276107] raid6: avx2x4   xor() 22090 MB/s
[    4.277925] raid6: using algorithm avx2x4 gen() 36823 MB/s
[    4.281330] raid6: .... xor() 22090 MB/s, rmw enabled
[    4.283817] raid6: using avx2x2 recovery algorithm
[    4.287325] xor: automatically using best checksumming function   avx       
[    4.291779] async_tx: api initialized (async)
done.
Begin: Running /scripts/init-premount ... done.
Begin: Mounting root file system ... Begin: Running /scripts/local-top ... done.
Begin: Running /scripts/local-premount ... [    4.329257] Btrfs loaded, crc32c=crc32c-intel
Scanning for Btrfs filesystems
done.
Warning: fsck not present, so skipping root file system
[    4.392258] EXT4-fs (sda1): mounted filesystem with ordered data mode. Opts: (null)
done.
Begin: Running /scripts/local-bottom ... done.
Begin: Running /scripts/init-bottom ... done.
[    4.590468] ip_tables: (C) 2000-2006 Netfilter Core Team
[    4.604490] systemd[1]: systemd 237 running in system mode. (+PAM +AUDIT +SELINUX +IMA +APPARMOR +SMACK +SYSVINIT +UTMP +LIBCRYPTSETUP +GCRYPT +GNUTLS +ACL +XZ +LZ4 +SECCOMP +BLKID +ELFUTILS +KMOD -IDN2 +IDN -PCRE2 default-hierarchy=hybrid)
[    4.614001] systemd[1]: Detected virtualization oracle.
[    4.616456] systemd[1]: Detected architecture x86-64.

Welcome to [1mUbuntu 18.04.2 LTS[0m!

[    4.623228] systemd[1]: Set hostname to <ubuntu>.
[    4.628129] systemd[1]: Initializing machine ID from random generator.
[    4.632487] systemd[1]: Installed transient /etc/machine-id file.
[    4.885432] systemd[1]: Created slice System Slice.
[[0;32m  OK  [0m] Created slice System Slice.
[    4.888284] systemd[1]: Created slice system-serial\x2dgetty.slice.
[[0;32m  OK  [0m] Created slice system-serial\x2dgetty.slice.
[    4.901486] systemd[1]: Listening on Device-mapper event daemon FIFOs.
[[0;32m  OK  [0m] Listening on Device-mapper event daemon FIFOs.
[    4.905173] systemd[1]: Listening on LVM2 metadata daemon socket.
[[0;32m  OK  [0m] Listening on LVM2 metadata daemon socket.
[[0;32m  OK  [0m] Created slice User and Session Slice.
[[0;32m  OK  [0m] Reached target Slices.
[[0;32m  OK  [0m] Listening on udev Kernel Socket.
[[0;32m  OK  [0m] Started Forward Password Requests to Wall Directory Watch.
[[0;32m  OK  [0m] Set up automount Arbitrary Executabâ€¦rmats File System Automount Point.
[[0;32m  OK  [0m] Listening on LVM2 poll daemon socket.
[[0;32m  OK  [0m] Listening on Journal Socket.
         Starting Uncomplicated firewall...
         Starting Load Kernel Modules...
         Starting Set the console keyboard layout...
         Mounting Huge Pages File System...
         Mounting Kernel Debug File System...
         Starting Create list of required stâ€¦ce nodes for the current kernel...
[[0;32m  OK  [0m] Reached target User and Group Name Lookups.
[[0;32m  OK  [0m] Listening on Network Service Netlink Socket.
[    5.009747] Loading iSCSI transport class v2.0-870.
         Mounting POSIX Message Queue File System...
         Starting Remount Root and Kernel File Systems...
[    5.022863] iscsi: registered transport (tcp)
[[0;32m  OK  [0m] Listening on Syslog Socket.
[[0;32m  OK  [0m] Listening on /dev/initctl Compatibility Named Pipe.
[[0;32m  OK  [0m] Reached target Swap.
[[0;32m  OK  [0m] Listening on udev Control Socket.
         Starting udev Coldplug all Devices...
[[0;32m  OK  [0m] Listening on Journal Audit Socket.
         Starting Monitoring of LVM2 mirrorsâ€¦ng dmeventd or progress polling...
[[0;32m  OK  [0m] Reached target System Time Synchronized.
[[0;32m  OK  [0m] Listening on Journal Socket (/dev/log).
         Starting Journal Service...
[    5.097384] iscsi: registered transport (iser)
[[0;32m  OK  [0m] Started Uncomplicated firewall.
[[0;32m  OK  [0m] Started Load Kernel Modules.
[[0;32m  OK  [0m] Started Create list of required staâ€¦vice nodes for the current kernel.
         Starting Create Static Device Nodes in /dev...
         Mounting FUSE Control File System...
         Starting Apply Kernel Variables...
         Mounting Kernel Configuration File System...
[[0;32m  OK  [0m] Started udev Coldplug all Devices.
[[0;32m  OK  [0m] Started Journal Service.
[[0;32m  OK  [0m] Started Create Static Device Nodes in /dev.
[[0;32m  OK  [0m] Started Apply Kernel Variables.
[[0;32m  OK  [0m] Mounted Kernel Configuration File System.
[[0;32m  OK  [0m] Mounted Kernel Debug File System.
[[0;32m  OK  [0m] Mounted Huge Pages File System.
[[0;32m  OK  [0m] Mounted POSIX Message Queue File System.
[[0;32m  OK  [0m] Started Remount Root and Kernel File Systems.
[[0;32m  OK  [0m] Mounted FUSE Control File System.
         Starting Flush Journal to Persistent Storage...
         Starting Load/Save Random Seed...
         Starting udev Kernel Device Manager...
[[0;32m  OK  [0m] Started LVM2 metadata daemon.
[[0;32m  OK  [0m] Started Load/Save Random Seed.
[[0;32m  OK  [0m] Started Set the console keyboard layout.
[[0;32m  OK  [0m] Started udev Kernel Device Manager.
[[0;32m  OK  [0m] Started Dispatch Password Requests to Console Directory Watch.
[[0;32m  OK  [0m] Reached target Local Encrypted Volumes.
[[0;32m  OK  [0m] Started Monitoring of LVM2 mirrors,â€¦sing dmeventd or progress polling.
[[0;32m  OK  [0m] Started Flush Journal to Persistent Storage.
[[0;32m  OK  [0m] Reached target Local File Systems (Pre).
[[0;32m  OK  [0m] Reached target Local File Systems.
         Starting Set console font and keymap...
         Starting Commit a transient machine-id on disk...
         Starting Tell Plymouth To Write Out Runtime Data...
         Starting Create Volatile Files and Directories...
         Starting AppArmor initialization...
         Starting ebtables ruleset management...
[[0;32m  OK  [0m] Started Set console font and keymap.
[[0;32m  OK  [0m] Started Tell Plymouth To Write Out Runtime Data.
[[0;32m  OK  [0m] Started Commit a transient machine-id on disk.
[[0;32m  OK  [0m] Started Create Volatile Files and Directories.
         Starting Update UTMP about System Boot/Shutdown...
[[0;32m  OK  [0m] Started Update UTMP about System Boot/Shutdown.
[[0;32m  OK  [0m] Started ebtables ruleset management.
[[0;32m  OK  [0m] Found device /dev/ttyS0.
[[0;32m  OK  [0m] Listening on Load/Save RF Kill Switch Status /dev/rfkill Watch.
[[0;32m  OK  [0m] Started AppArmor initialization.
         Starting Initial cloud-init job (pre-networking)...
[    7.433909] cloud-init[545]: Cloud-init v. 18.5-45-g3554ffe8-0ubuntu1~18.04.1 running 'init-local' at Thu, 02 May 2019 18:31:04 +0000. Up 7.14 seconds.
[[0;32m  OK  [0m] Started Initial cloud-init job (pre-networking).
[[0;32m  OK  [0m] Reached target Network (Pre).
         Starting Network Service...
[[0;32m  OK  [0m] Started Network Service.
         Starting Network Name Resolution...
         Starting Wait for Network to be Configured...
[[0;32m  OK  [0m] Started Network Name Resolution.
[[0;32m  OK  [0m] Reached target Network.
[[0;32m  OK  [0m] Reached target Host and Network Name Lookups.
[[0;32m  OK  [0m] Started Wait for Network to be Configured.
         Starting Initial cloud-init job (metadata service crawler)...
[    9.350237] cloud-init[662]: Cloud-init v. 18.5-45-g3554ffe8-0ubuntu1~18.04.1 running 'init' at Thu, 02 May 2019 18:31:06 +0000. Up 9.22 seconds.
[    9.351345] cloud-init[662]: ci-info: ++++++++++++++++++++++++++++++++++++++Net device info+++++++++++++++++++++++++++++++++++++++
[    9.352042] cloud-init[662]: ci-info: +--------+-------+----------------------------+---------------+--------+-------------------+
[    9.352690] cloud-init[662]: ci-info: | Device |   Up  |          Address           |      Mask     | Scope  |     Hw-Address    |
[    9.353267] cloud-init[662]: ci-info: +--------+-------+----------------------------+---------------+--------+-------------------+
[    9.353813] cloud-init[662]: ci-info: | enp0s3 |  True |         10.0.2.15          | 255.255.255.0 | global | 02:5c:19:d6:ac:b9 |
[    9.354335] cloud-init[662]: ci-info: | enp0s3 |  True | fe80::5c:19ff:fed6:acb9/64 |       .       |  link  | 02:5c:19:d6:ac:b9 |
[    9.354983] cloud-init[662]: ci-info: | enp0s8 | False |             .              |       .       |   .    | 08:00:27:ed:fb:cc |
[    9.364459] cloud-init[662]: ci-info: |   lo   |  True |         127.0.0.1          |   255.0.0.0   |  host  |         .         |
[    9.376469] cloud-init[662]: ci-info: |   lo   |  True |          ::1/128           |       .       |  host  |         .         |
[    9.388222] cloud-init[662]: ci-info: +--------+-------+----------------------------+---------------+--------+-------------------+
[    9.400210] cloud-init[662]: ci-info: ++++++++++++++++++++++++++++Route IPv4 info+++++++++++++++++++++++++++++
[    9.412386] cloud-init[662]: ci-info: +-------+-------------+----------+-----------------+-----------+-------+
[    9.424204] cloud-init[662]: ci-info: | Route | Destination | Gateway  |     Genmask     | Interface | Flags |
[    9.436624] cloud-init[662]: ci-info: +-------+-------------+----------+-----------------+-----------+-------+
[    9.437430] cloud-init[662]: ci-info: |   0   |   0.0.0.0   | 10.0.2.2 |     0.0.0.0     |   enp0s3  |   UG  |
[    9.438042] cloud-init[662]: ci-info: |   1   |   10.0.2.0  | 0.0.0.0  |  255.255.255.0  |   enp0s3  |   U   |
[    9.438638] cloud-init[662]: ci-info: |   2   |   10.0.2.2  | 0.0.0.0  | 255.255.255.255 |   enp0s3  |   UH  |
[    9.448209] cloud-init[662]: ci-info: +-------+-------------+----------+-----------------+-----------+-------+
[    9.460225] cloud-init[662]: ci-info: +++++++++++++++++++Route IPv6 info+++++++++++++++++++
[    9.472511] cloud-init[662]: ci-info: +-------+-------------+---------+-----------+-------+
[    9.484342] cloud-init[662]: ci-info: | Route | Destination | Gateway | Interface | Flags |
[    9.496540] cloud-init[662]: ci-info: +-------+-------------+---------+-----------+-------+
[    9.497261] cloud-init[662]: ci-info: |   1   |  fe80::/64  |    ::   |   enp0s3  |   U   |
[    9.508469] cloud-init[662]: ci-info: |   3   |    local    |    ::   |   enp0s3  |   U   |
[    9.509103] cloud-init[662]: ci-info: |   4   |   ff00::/8  |    ::   |   enp0s3  |   U   |
[    9.509685] cloud-init[662]: ci-info: +-------+-------------+---------+-----------+-------+
[   10.834371] cloud-init[662]: Generating public/private rsa key pair.
[   10.851362] cloud-init[662]: Your identification has been saved in /etc/ssh/ssh_host_rsa_key.
[   10.851837] cloud-init[662]: Your public key has been saved in /etc/ssh/ssh_host_rsa_key.pub.
[   10.871347] cloud-init[662]: The key fingerprint is:
[[0;32m  OK  [0m] Started Initial cloud-init job (metadata service crawler).
[[0;32m  OK  [0m] Reached target Cloud-config availability.
[[0;32m  OK  [0m] Reached target System Initialization.
[[0;32m  OK  [0m] Listening on UUID daemon activation socket.
[[0;32m  OK  [0m] Started Message of the Day.
[   10.886445] cloud-init[662]: SHA256:DAlxNOhlJsKqlDmfeLKPzANCrAk+ao1s+gPhg86Mpn4 root@ubuntu-bionic
[   10.941419] cloud-init[662]: The key's randomart image is:
[   10.943343] cloud-init[662]: +---[RSA 2048]----+
[   10.944547] cloud-init[662]: | .  o++          |
[   10.945088] cloud-init[662]: |  o oo+o         |
[   10.961349] cloud-init[662]: |..oo =o          |
[   11.516815] cloud-init[662]: |+B  .  o         |
[   11.517982] cloud-init[662]: |Xo+ .   S        |
[   11.519215] cloud-init[662]: |OB +             |
[[0;32m  OK  [0m] Started ACPI Events Check.
[[0;32m  OK  [0m] Listening on Open-iSCSI iscsid Socket.
[[0;32m  OK  [0m] Listening on D-Bus System Message Bus Socket.
[   11.523431] cloud-init[662]: |X.O              |[
[0;32m  OK  [0m] Listening on ACPID Listen Socket.
         Starting LXD - unix socket.
[   11.545397] [[0;32m  OK  [0m] Reached target Paths.
cloud-init[662]: |=%oE             |
[[0;32m  OK  [0m] Started Discard unused blocks once a week.
[   11.548826] [[0;32m  OK  [0m] Started Daily apt download activities.
cloud-init[662]: |X*=o             |
         Starting Socket activation for snappy daemon.
[   11.560577] [[0;32m  OK  [0m] Started Daily Cleanup of Temporary Directories.
[[0;32m  OK  [0m] Started Daily apt upgrade and clean activities.
[[0;32m  OK  [0m] Reached target Timers.
[[0;32m  OK  [0m] Reached target Network is Online.
cloud-init[662]: +----[SHA256]-----+
[[0;32m  OK  [0m] Reached target Remote File Systems (Pre).
[[0;32m  OK  [0m] Reached target Remote File Systems.
[   11.567888] cloud-init[662]: Generating public/private dsa key pair.
         Starting Availability of block devices...
[   11.571460] cloud-init[662]: Your identification has been saved in /etc/ssh/ssh_host_dsa_key.
[[0;32m  OK  [0m] Listening on LXD - unix socket.
[[0;32m  OK  [0m] Listening on Socket activation for snappy daemon.
[   11.575708] cloud-init[662]: Your public key has been saved in /etc/ssh/ssh_host_dsa_key.pub.
[[0;32m  OK  [0m] Reached target Sockets.
[   11.577987] [[0;32m  OK  [0m] Reached target Basic System.
cloud-init[662]: The key fingerprint is:
[   11.593549] cloud-init[662]: SHA256:YdathPAvH2TfAqfiXufvr3+uDyYL3sAZs5cs0MVlyrQ root@ubuntu-bionic
         Starting Accounts Service...
[   11.594956] cloud-init[662]: The key's randomart image is:
         Starting LSB: Record successful boot for GRUB...[   11.608607] 
cloud-init[662]: +---[DSA 1024]----+
[   11.621397] cloud-init[662]: |      .     . o  |
         Starting Virtualbox guest utils...
[   11.622766] cloud-init[662]: |       o o = =   |
         Starting Login Service...
[   11.644592] cloud-init[662]: |        * * E    |
[   11.660864] cloud-init[662]: |       o B B .   |
         Starting System Logging Service...
[   11.672755] cloud-init[662]: |        S O o .  |
[[0;32m  OK  [0m] Started FUSE filesystem for LXC.
[   11.704512] cloud-init[662]: |       . * B o   |
[[   11.728389] [0;32m  OK  [0mcloud-init] [662]: Started Deferred execution scheduler.|        . X * o  |

[   11.729229] cloud-init[662]: |       . o O + ..|
[   11.740171] cloud-init[662]: |        . . +o=B*|
         Starting Dispatcher daemon for systemd-networkd...
[   11.740316] cloud-init[662]: +----[SHA256]-----+
[   11.752687] cloud-init[662]: Generating public/private ecdsa key pair.
[   11.770332] cloud-init[662]: Your identification has been saved in /etc/ssh/ssh_host_ecdsa_key.
[   11.770427] cloud-init[662]: Your public key has been saved in /etc/ssh/ssh_host_ecdsa_key.pub.
[   11.770496] cloud-init[662]: The key fingerprint is:
[   11.770547] cloud-init[662]: SHA256:j3j76srF8QfWRwKneq8btoknv+Zk8xIXxIGg4D2rScU root@ubuntu-bionic
[   11.770841] cloud-init[662]: The key's randomart image is:
[   11.771023] cloud-init[662]: +---[ECDSA 256]---+
[   11.771205] cloud-init[662]: |    .   ...oo.   |
[   11.771349] cloud-init[662]: |   . + .  .+o    |
         [   11.771498] Starting Pollinate to seed the pseudo random number generator...cloud-init
[662]: |    . E   ... .  |
         Starting LSB: automatic crash report generation...
[   11.774434] cloud-init[662]: |     . o . ..o   |
         [   11.788495] Starting Snappy daemon...cloud-init
[662]: |    . . S + ...  |
[   11.789053] cloud-init[662]: |   . o o B.o..   |
[   11.789405] cloud-init[662]: |    o . = Ooo    |
[   11.800371] cloud-init[662]: |     . o.*+O     |
[   11.813035] cloud-init[662]: |      oo=OX+.    |
[   11.814186] cloud-init[662]: +----[SHA256]-----+
[   11.815139] cloud-init[662]: Generating public/private ed25519 key pair.
[   11.824514] cloud-init[662]: Your identification has been saved in /etc/ssh/ssh_host_ed25519_key.
[   11.826001] cloud-init[662]: Your public key has been saved in /etc/ssh/ssh_host_ed25519_key.pub.
[   11.827640] cloud-init[662]: The key fingerprint is:
[   11.828957] cloud-init[662]: SHA256:DrHG+5tjcUGn/7kp+Dur3oc2njxnRP4+AH5NpnxLkFA root@ubuntu-bionic
[   11.841605] cloud-init[662]: The key's randomart image is:
[   11.843039] cloud-init[662]: +--[ED25519 256]--+
[   11.852584] cloud-init[662]: |            .E   |
[   11.864460] cloud-init[662]: |          ...    |
[   11.865501] cloud-init[662]: |      .  . o. .  |
[   11.866370] cloud-init[662]: |     . o  o. o.o |
[   11.867510] cloud-init[662]: |      = S .ooo*  |
[   11.881766] cloud-init[662]: |     . +. ...=o+ |
[   11.882663] cloud-init[662]: |      . .o ..++o.|
[   11.885200] cloud-init[662]: |       .o..oB.*+.|
[   11.902453] cloud-init[662]: |       .++o=O@ooo|
[   11.904584] cloud-init[662]: +----[SHA256]-----+
[[0;32m  OK  [0m] Started Regular background program processing daemon.
         Starting LXD - container startup/shutdown...
[[0;32m  OK  [0m] Started D-Bus System Message Bus.
[[0;32m  OK  [0m] Started Login Service.
[[0;32m  OK  [0m] Started Unattended Upgrades Shutdown.
         Starting Permit User Sessions...
[[0;32m  OK  [0m] Started irqbalance daemon.
[[0;32m  OK  [0m] Started System Logging Service.
[[0;32m  OK  [0m] Started Availability of block devices.
[[0;32m  OK  [0m] Started Dispatcher daemon for systemd-networkd.
[[0;32m  OK  [0m] Started Permit User Sessions.
[[0;32m  OK  [0m] Started LXD - container startup/shutdown.
         Starting Authorization Manager...
         Starting Hold until boot process finishes up...
         Starting Terminate Plymouth Boot Screen...
[[0;32m  OK  [0m] Started Hold until boot process finishes up.
[[0;32m  OK  [0m] Started Terminate Plymouth Boot Screen.
[[0;32m  OK  [0m] Started LSB: automatic crash report generation.
[[0;32m  OK  [0m] Started Serial Getty on ttyS0.
         Starting Set console scheme...
[[0;32m  OK  [0m] Started LSB: Record successful boot for GRUB.
[[0;32m  OK  [0m] Started Authorization Manager.
[[0;32m  OK  [0m] Started Accounts Service.
[[0;32m  OK  [0m] Started Set console scheme.
[[0;32m  OK  [0m] Created slice system-getty.slice.
[[0;32m  OK  [0m] Started Getty on tty1.
[[0;32m  OK  [0m] Reached target Login Prompts.
[[0;32m  OK  [0m] Started Virtualbox guest utils.
[[0;32m  OK  [0m] Started Snappy daemon.
         Starting Wait until snapd is fully seeded...
[[0;32m  OK  [0m] Started Pollinate to seed the pseudo random number generator.
         Starting OpenBSD Secure Shell server...
[[0;32m  OK  [0m] Started OpenBSD Secure Shell server.
[[0;32m  OK  [0m] Created slice User Slice of vagrant.
         Starting User Manager for UID 1000...
[[0;32m  OK  [0m] Started Session 1 of user vagrant.
[[0;32m  OK  [0m] Started User Manager for UID 1000.
[[0;32m  OK  [0m] Started Wait until snapd is fully seeded.
         Starting Apply the settings specified in cloud-config...
[[0;32m  OK  [0m] Reached target Multi-User System.
[[0;32m  OK  [0m] Reached target Graphical Interface.
         Starting Update UTMP about System Runlevel Changes...
[[0;32m  OK  [0m] Started Update UTMP about System Runlevel Changes.
[   17.965963] cloud-init[1463]: Cloud-init v. 18.5-45-g3554ffe8-0ubuntu1~18.04.1 running 'modules:config' at Thu, 02 May 2019 18:31:15 +0000. Up 17.57 seconds.

Ubuntu 18.04.2 LTS ubuntu-bionic ttyS0

ubuntu-bionic login: ci-info: no authorized ssh keys fingerprints found for user ubuntu.
<14>May  2 18:31:16 ec2: 
<14>May  2 18:31:16 ec2: #############################################################
<14>May  2 18:31:16 ec2: -----BEGIN SSH HOST KEY FINGERPRINTS-----
<14>May  2 18:31:16 ec2: 1024 SHA256:YdathPAvH2TfAqfiXufvr3+uDyYL3sAZs5cs0MVlyrQ root@ubuntu-bionic (DSA)
<14>May  2 18:31:16 ec2: 256 SHA256:j3j76srF8QfWRwKneq8btoknv+Zk8xIXxIGg4D2rScU root@ubuntu-bionic (ECDSA)
<14>May  2 18:31:16 ec2: 256 SHA256:DrHG+5tjcUGn/7kp+Dur3oc2njxnRP4+AH5NpnxLkFA root@ubuntu-bionic (ED25519)
<14>May  2 18:31:16 ec2: 2048 SHA256:DAlxNOhlJsKqlDmfeLKPzANCrAk+ao1s+gPhg86Mpn4 root@ubuntu-bionic (RSA)
<14>May  2 18:31:16 ec2: -----END SSH HOST KEY FINGERPRINTS-----
<14>May  2 18:31:16 ec2: #############################################################
-----BEGIN SSH HOST KEY KEYS-----
ecdsa-sha2-nistp256 AAAAE2VjZHNhLXNoYTItbmlzdHAyNTYAAAAIbmlzdHAyNTYAAABBBJFdbT1rtxJNFO9IpyF/CV5oUkuHwzM514vzM5yo7KyaUKIGLU8KWiHoeyKgYBxBWGMLZ21P+1y9c/piTs4DYMY= root@ubuntu-bionic
ssh-ed25519 AAAAC3NzaC1lZDI1NTE5AAAAIJvVCFUr055QRionM17rm31lrLY99xY7S0y1gLGBDAwy root@ubuntu-bionic
ssh-rsa AAAAB3NzaC1yc2EAAAADAQABAAABAQDWM2ayxWb8H1fKCEVL8jCOyX1ZPk+fihBP9pynvhI90WodsgoluIxFUPvkBeWNjFSif+hYjlB4u03gyrprfSWVycnLgr+ZfY4fogf5eijIYJmm/UfFtUKr0DS0a+R1XlHJFrH+udG8DXS3tkul45mvrEmNDSA8EHu7UcYX/8E1CKz2+Ek6sS0pglbPI/k37nVhP3fWrHwGGPOgyBXT16SfSM7J/fmVJiTDP+A6gewhqP8F3C/7LS/9G51qr+42wNPqa5fI2L2hRLUNGoN3VaVMZyZmMCHmfTZsSiSMA05vQm/w6G57rHWsEkBdu8a1hdqxS0yAH1z16IAQ3ga9i7px root@ubuntu-bionic
-----END SSH HOST KEY KEYS-----
[   18.510941] cloud-init[1593]: Cloud-init v. 18.5-45-g3554ffe8-0ubuntu1~18.04.1 running 'modules:final' at Thu, 02 May 2019 18:31:16 +0000. Up 18.36 seconds.
[   18.511048] cloud-init[1593]: ci-info: no authorized ssh keys fingerprints found for user ubuntu.
[   18.511097] cloud-init[1593]: Cloud-init v. 18.5-45-g3554ffe8-0ubuntu1~18.04.1 finished at Thu, 02 May 2019 18:31:16 +0000. Datasource DataSourceNoCloud [seed=/dev/sdb][dsmode=net].  Up 18.50 seconds
